{
    "error": {
        "code": -1,
        "data": null
    },
    "id": "1",
    "jsonrpc": "2.0"
}
