{
    "error": {
        "code": -32600,
        "data": {
            "foo": "bar",
            "baz": "qux"
        },
        "message": "Invalid Request"
    },
    "id": "1",
    "jsonrpc": "2.0"
}
