{
    "jsonrpc": "2.0",
    "method": "fixture@invalidRequestException",
    "id": 1
}
