{
    "jsonrpc": "2.0",
    "method": "fixture@noCodeTextErrorMessage",
    "id": 1
}
