{
    "jsonrpc": "2.0",
    "method": "fixture@undefined",
    "id": 1
}
